# Block #1.
bbb
cc
a
aa
aaa

# Block #2.
# Keep sorted.
a
aa
aaa
bbb
cc

# Block #3.
bbb
cc
a
aa
aaa

